// Jest Snapshot v1, https://goo.gl/fbAQLP

exports[`PriceCard matches snapshot 1`] = `
ShallowWrapper {
  Symbol(enzyme.__root__): [Circular],
  Symbol(enzyme.__unrendered__): <Card
    buttonText="Click Me"
    frequency="mo"
    handleClick={[Function]}
    highlightText="Good Deal"
    id="1"
    list={
      Array [
        "Cras sodales lobortis erat",
        "Vitae pellentesque diam",
        "Consequat eted tempus",
      ]
    }
    price={100}
    title="Professional"
  />,
  Symbol(enzyme.__renderer__): Object {
    "batchedUpdates": [Function],
    "getNode": [Function],
    "render": [Function],
    "simulateError": [Function],
    "simulateEvent": [Function],
    "unmount": [Function],
  },
  Symbol(enzyme.__node__): Object {
    "instance": null,
    "key": undefined,
    "nodeType": "host",
    "props": Object {
      "children": Array [
        <div
          className="card__highlight"
        >
          Good Deal
        </div>,
        <div
          className="card__title"
        >
          Professional
        </div>,
        <div
          className="card__price"
        >
          <span
            className="card__price__currency-symbol"
          >
            $
          </span>
          <span
            className="card__price__amount"
          >
            100
          </span>
          <span
            className="card__price__frequency"
          >
            /
            mo
          </span>
        </div>,
        <ul
          className="card__list"
        >
          <li
            className="card__list__item"
          >
            Cras sodales lobortis erat
          </li>
          <li
            className="card__list__item"
          >
            Vitae pellentesque diam
          </li>
          <li
            className="card__list__item"
          >
            Consequat eted tempus
          </li>
        </ul>,
        <button
          className="card__button"
          onClick={[Function]}
        >
          Click Me
        </button>,
      ],
      "className": "card",
    },
    "ref": null,
    "rendered": Array [
      Object {
        "instance": null,
        "key": undefined,
        "nodeType": "host",
        "props": Object {
          "children": "Good Deal",
          "className": "card__highlight",
        },
        "ref": null,
        "rendered": "Good Deal",
        "type": "div",
      },
      Object {
        "instance": null,
        "key": undefined,
        "nodeType": "host",
        "props": Object {
          "children": "Professional",
          "className": "card__title",
        },
        "ref": null,
        "rendered": "Professional",
        "type": "div",
      },
      Object {
        "instance": null,
        "key": undefined,
        "nodeType": "host",
        "props": Object {
          "children": Array [
            <span
              className="card__price__currency-symbol"
            >
              $
            </span>,
            <span
              className="card__price__amount"
            >
              100
            </span>,
            <span
              className="card__price__frequency"
            >
              /
              mo
            </span>,
          ],
          "className": "card__price",
        },
        "ref": null,
        "rendered": Array [
          Object {
            "instance": null,
            "key": undefined,
            "nodeType": "host",
            "props": Object {
              "children": "$",
              "className": "card__price__currency-symbol",
            },
            "ref": null,
            "rendered": "$",
            "type": "span",
          },
          Object {
            "instance": null,
            "key": undefined,
            "nodeType": "host",
            "props": Object {
              "children": 100,
              "className": "card__price__amount",
            },
            "ref": null,
            "rendered": 100,
            "type": "span",
          },
          Object {
            "instance": null,
            "key": undefined,
            "nodeType": "host",
            "props": Object {
              "children": Array [
                "/",
                "mo",
              ],
              "className": "card__price__frequency",
            },
            "ref": null,
            "rendered": Array [
              "/",
              "mo",
            ],
            "type": "span",
          },
        ],
        "type": "div",
      },
      Object {
        "instance": null,
        "key": undefined,
        "nodeType": "host",
        "props": Object {
          "children": Array [
            <li
              className="card__list__item"
            >
              Cras sodales lobortis erat
            </li>,
            <li
              className="card__list__item"
            >
              Vitae pellentesque diam
            </li>,
            <li
              className="card__list__item"
            >
              Consequat eted tempus
            </li>,
          ],
          "className": "card__list",
        },
        "ref": null,
        "rendered": Array [
          Object {
            "instance": null,
            "key": "0",
            "nodeType": "host",
            "props": Object {
              "children": "Cras sodales lobortis erat",
              "className": "card__list__item",
            },
            "ref": null,
            "rendered": "Cras sodales lobortis erat",
            "type": "li",
          },
          Object {
            "instance": null,
            "key": "1",
            "nodeType": "host",
            "props": Object {
              "children": "Vitae pellentesque diam",
              "className": "card__list__item",
            },
            "ref": null,
            "rendered": "Vitae pellentesque diam",
            "type": "li",
          },
          Object {
            "instance": null,
            "key": "2",
            "nodeType": "host",
            "props": Object {
              "children": "Consequat eted tempus",
              "className": "card__list__item",
            },
            "ref": null,
            "rendered": "Consequat eted tempus",
            "type": "li",
          },
        ],
        "type": "ul",
      },
      Object {
        "instance": null,
        "key": undefined,
        "nodeType": "host",
        "props": Object {
          "children": "Click Me",
          "className": "card__button",
          "onClick": [Function],
        },
        "ref": null,
        "rendered": "Click Me",
        "type": "button",
      },
    ],
    "type": "div",
  },
  Symbol(enzyme.__nodes__): Array [
    Object {
      "instance": null,
      "key": undefined,
      "nodeType": "host",
      "props": Object {
        "children": Array [
          <div
            className="card__highlight"
          >
            Good Deal
          </div>,
          <div
            className="card__title"
          >
            Professional
          </div>,
          <div
            className="card__price"
          >
            <span
              className="card__price__currency-symbol"
            >
              $
            </span>
            <span
              className="card__price__amount"
            >
              100
            </span>
            <span
              className="card__price__frequency"
            >
              /
              mo
            </span>
          </div>,
          <ul
            className="card__list"
          >
            <li
              className="card__list__item"
            >
              Cras sodales lobortis erat
            </li>
            <li
              className="card__list__item"
            >
              Vitae pellentesque diam
            </li>
            <li
              className="card__list__item"
            >
              Consequat eted tempus
            </li>
          </ul>,
          <button
            className="card__button"
            onClick={[Function]}
          >
            Click Me
          </button>,
        ],
        "className": "card",
      },
      "ref": null,
      "rendered": Array [
        Object {
          "instance": null,
          "key": undefined,
          "nodeType": "host",
          "props": Object {
            "children": "Good Deal",
            "className": "card__highlight",
          },
          "ref": null,
          "rendered": "Good Deal",
          "type": "div",
        },
        Object {
          "instance": null,
          "key": undefined,
          "nodeType": "host",
          "props": Object {
            "children": "Professional",
            "className": "card__title",
          },
          "ref": null,
          "rendered": "Professional",
          "type": "div",
        },
        Object {
          "instance": null,
          "key": undefined,
          "nodeType": "host",
          "props": Object {
            "children": Array [
              <span
                className="card__price__currency-symbol"
              >
                $
              </span>,
              <span
                className="card__price__amount"
              >
                100
              </span>,
              <span
                className="card__price__frequency"
              >
                /
                mo
              </span>,
            ],
            "className": "card__price",
          },
          "ref": null,
          "rendered": Array [
            Object {
              "instance": null,
              "key": undefined,
              "nodeType": "host",
              "props": Object {
                "children": "$",
                "className": "card__price__currency-symbol",
              },
              "ref": null,
              "rendered": "$",
              "type": "span",
            },
            Object {
              "instance": null,
              "key": undefined,
              "nodeType": "host",
              "props": Object {
                "children": 100,
                "className": "card__price__amount",
              },
              "ref": null,
              "rendered": 100,
              "type": "span",
            },
            Object {
              "instance": null,
              "key": undefined,
              "nodeType": "host",
              "props": Object {
                "children": Array [
                  "/",
                  "mo",
                ],
                "className": "card__price__frequency",
              },
              "ref": null,
              "rendered": Array [
                "/",
                "mo",
              ],
              "type": "span",
            },
          ],
          "type": "div",
        },
        Object {
          "instance": null,
          "key": undefined,
          "nodeType": "host",
          "props": Object {
            "children": Array [
              <li
                className="card__list__item"
              >
                Cras sodales lobortis erat
              </li>,
              <li
                className="card__list__item"
              >
                Vitae pellentesque diam
              </li>,
              <li
                className="card__list__item"
              >
                Consequat eted tempus
              </li>,
            ],
            "className": "card__list",
          },
          "ref": null,
          "rendered": Array [
            Object {
              "instance": null,
              "key": "0",
              "nodeType": "host",
              "props": Object {
                "children": "Cras sodales lobortis erat",
                "className": "card__list__item",
              },
              "ref": null,
              "rendered": "Cras sodales lobortis erat",
              "type": "li",
            },
            Object {
              "instance": null,
              "key": "1",
              "nodeType": "host",
              "props": Object {
                "children": "Vitae pellentesque diam",
                "className": "card__list__item",
              },
              "ref": null,
              "rendered": "Vitae pellentesque diam",
              "type": "li",
            },
            Object {
              "instance": null,
              "key": "2",
              "nodeType": "host",
              "props": Object {
                "children": "Consequat eted tempus",
                "className": "card__list__item",
              },
              "ref": null,
              "rendered": "Consequat eted tempus",
              "type": "li",
            },
          ],
          "type": "ul",
        },
        Object {
          "instance": null,
          "key": undefined,
          "nodeType": "host",
          "props": Object {
            "children": "Click Me",
            "className": "card__button",
            "onClick": [Function],
          },
          "ref": null,
          "rendered": "Click Me",
          "type": "button",
        },
      ],
      "type": "div",
    },
  ],
  Symbol(enzyme.__options__): Object {
    "adapter": ReactSixteenAdapter {
      "options": Object {
        "enableComponentDidUpdateOnSetState": true,
        "lifecycles": Object {
          "componentDidUpdate": Object {
            "onSetState": true,
          },
          "getDerivedStateFromProps": true,
          "getSnapshotBeforeUpdate": true,
          "setState": Object {
            "skipsComponentDidUpdateOnNullish": true,
          },
        },
      },
    },
  },
}
`;
